<?xml version="1.0" ?>
<dataset>
	<table name="game">
		<column>id</column>
		<column>date_created</column>
		<column>current_player_id</column>
		<row>
			<value>1</value>
			<value>2013-03-01 00:00:00</value>
			<value>2</value>
		</row>
	</table>
</dataset>